Traceback (most recent call last):
  File "/dodrio/scratch/projects/starting_2025_097/autoCAS4HE_built/autoCAS4HE/autocas/scine_autocas/interfaces/interface.py", line 505, in calculate
    self._dumper.read_initial_orbitals(self)
  File "/dodrio/scratch/projects/starting_2025_097/autoCAS4HE_built/autoCAS4HE/autocas/scine_autocas/interfaces/interface.py", line 56, in read_initial_orbitals
    raise NotImplementedError
NotImplementedError

During handling of the above exception, another exception occurred:

Traceback (most recent call last):
  File "/dodrio/scratch/projects/starting_2025_097/autoCAS4HE_built/autoCAS4HE/autocas_env/bin/scine_autocas_consistent_active_space", line 7, in <module>
    sys.exit(run_from_command_line())
             ^^^^^^^^^^^^^^^^^^^^^^^
  File "/dodrio/scratch/projects/starting_2025_097/autoCAS4HE_built/autoCAS4HE/autocas/scine_autocas/workflows/consistent_active_space/protocol.py", line 74, in run_from_command_line
    run_consistent_active_space_protocol(configuration)
  File "/dodrio/scratch/projects/starting_2025_097/autoCAS4HE_built/autoCAS4HE/autocas/scine_autocas/workflows/consistent_active_space/protocol.py", line 109, in run_consistent_active_space_protocol
    interfaces, molecules = construct_molecules(configuration)
                            ^^^^^^^^^^^^^^^^^^^^^^^^^^^^^^^^^^
  File "/dodrio/scratch/projects/starting_2025_097/autoCAS4HE_built/autoCAS4HE/autocas/scine_autocas/workflows/consistent_active_space/prepare_orbitals.py", line 85, in construct_molecules
    molcas, molecule = setup_molcas_and_molecule(xyz, name, configuration.basis_set)
                       ^^^^^^^^^^^^^^^^^^^^^^^^^^^^^^^^^^^^^^^^^^^^^^^^^^^^^^^^^^^^^
  File "/dodrio/scratch/projects/starting_2025_097/autoCAS4HE_built/autoCAS4HE/autocas/scine_autocas/workflows/consistent_active_space/prepare_orbitals.py", line 43, in setup_molcas_and_molecule
    molcas.calculate()
  File "/dodrio/scratch/projects/starting_2025_097/autoCAS4HE_built/autoCAS4HE/autocas/scine_autocas/interfaces/interface.py", line 509, in calculate
    energy = self._initial_orbitals_impl()
             ^^^^^^^^^^^^^^^^^^^^^^^^^^^^^
  File "/dodrio/scratch/projects/starting_2025_097/autoCAS4HE_built/autoCAS4HE/autocas/scine_autocas/interfaces/molcas/molcas.py", line 402, in _initial_orbitals_impl
    self.run_molcas()
  File "/dodrio/scratch/projects/starting_2025_097/autoCAS4HE_built/autoCAS4HE/autocas/scine_autocas/interfaces/molcas/molcas.py", line 350, in run_molcas
    raise RuntimeError(f"Molcas calculation failed. Please check the log file {full_path} for details.")
RuntimeError: Molcas calculation failed. Please check the log file /dodrio/scratch/projects/starting_2025_097/autoCAS4HE_built/autoCAS4HE/tests/autocas/external_scf/Po2_scaling_test/autocas_project/initial/system_0.log for details.
Command exited with non-zero status 1
	Command being timed: "scine_autocas_consistent_active_space -e -o /dodrio/scratch/projects/starting_2025_097/autoCAS4HE_built/autoCAS4HE/tests/autocas/external_scf/Po2_scaling_test/po2_000.scf.h5,/dodrio/scratch/projects/starting_2025_097/autoCAS4HE_built/autoCAS4HE/tests/autocas/external_scf/Po2_scaling_test/po2_001.scf.h5,/dodrio/scratch/projects/starting_2025_097/autoCAS4HE_built/autoCAS4HE/tests/autocas/external_scf/Po2_scaling_test/po2_003.scf.h5,/dodrio/scratch/projects/starting_2025_097/autoCAS4HE_built/autoCAS4HE/tests/autocas/external_scf/Po2_scaling_test/po2_004.scf.h5,/dodrio/scratch/projects/starting_2025_097/autoCAS4HE_built/autoCAS4HE/tests/autocas/external_scf/Po2_scaling_test/po2_005.scf.h5,/dodrio/scratch/projects/starting_2025_097/autoCAS4HE_built/autoCAS4HE/tests/autocas/external_scf/Po2_scaling_test/po2_007.scf.h5,/dodrio/scratch/projects/starting_2025_097/autoCAS4HE_built/autoCAS4HE/tests/autocas/external_scf/Po2_scaling_test/po2_009.scf.h5,/dodrio/scratch/projects/starting_2025_097/autoCAS4HE_built/autoCAS4HE/tests/autocas/external_scf/Po2_scaling_test/po2_011.scf.h5,/dodrio/scratch/projects/starting_2025_097/autoCAS4HE_built/autoCAS4HE/tests/autocas/external_scf/Po2_scaling_test/po2_013.scf.h5,/dodrio/scratch/projects/starting_2025_097/autoCAS4HE_built/autoCAS4HE/tests/autocas/external_scf/Po2_scaling_test/po2_015.scf.h5,/dodrio/scratch/projects/starting_2025_097/autoCAS4HE_built/autoCAS4HE/tests/autocas/external_scf/Po2_scaling_test/po2_017.scf.h5,/dodrio/scratch/projects/starting_2025_097/autoCAS4HE_built/autoCAS4HE/tests/autocas/external_scf/Po2_scaling_test/po2_019.scf.h5,/dodrio/scratch/projects/starting_2025_097/autoCAS4HE_built/autoCAS4HE/tests/autocas/external_scf/Po2_scaling_test/po2_021.scf.h5,/dodrio/scratch/projects/starting_2025_097/autoCAS4HE_built/autoCAS4HE/tests/autocas/external_scf/Po2_scaling_test/po2_023.scf.h5,/dodrio/scratch/projects/starting_2025_097/autoCAS4HE_built/autoCAS4HE/tests/autocas/external_scf/Po2_scaling_test/po2_024.scf.h5 -b ANO-RCC-VDZP -m DMRGSCF po2_000.xyz po2_001.xyz po2_003.xyz po2_004.xyz po2_005.xyz po2_007.xyz po2_009.xyz po2_011.xyz po2_013.xyz po2_015.xyz po2_017.xyz po2_019.xyz po2_021.xyz po2_023.xyz po2_024.xyz"
	User time (seconds): 131.11
	System time (seconds): 3.79
	Percent of CPU this job got: 70%
	Elapsed (wall clock) time (h:mm:ss or m:ss): 3:11.83
	Average shared text size (kbytes): 0
	Average unshared data size (kbytes): 0
	Average stack size (kbytes): 0
	Average total size (kbytes): 0
	Maximum resident set size (kbytes): 599304
	Average resident set size (kbytes): 0
	Major (requiring I/O) page faults: 2756
	Minor (reclaiming a frame) page faults: 111830
	Voluntary context switches: 30131
	Involuntary context switches: 132538
	Swaps: 0
	File system inputs: 395728
	File system outputs: 418472
	Socket messages sent: 0
	Socket messages received: 0
	Signals delivered: 0
	Page size (bytes): 4096
	Exit status: 1
